1. Running the appropriate command as 'sudo', list all of the packages currently installed on the system using the appropriate package management command and options.

user@linuxacademy:~$ sudo yum list installed

(Output)

Loaded plugins: fastestmirror, langpacks

Loading mirror speeds from cached hostfile

 * base: repos.dfw.quadranet.com

 * epel: mirror.compevo.com

 * extras: repos.dfw.quadranet.com

 * updates: repos.dfw.quadranet.com

Installed Packages

GConf2.x86_64                                                                3.2.6-8.el7                                                      @base/$releasever

GeoIP.x86_64                                                                 1.5.0-9.el7                                                      @base            

ModemManager-glib.x86_64                                                     1.1.0-6.git20130913.el7                                          @base/$releasever

 

NetworkManager.x86_64                                                        1:1.0.0-14.git20150121.b4ea599c.el7                              @base/$releasever

(Output) NOTE: Your output will differ based on the packages installed on your system

 

2. The package called 'linux-firmware' will be installed on your system. Using the appropriate package management command and options, list the files and directories that are installed with that package.

user@linuxacademy:~$ sudo rpm -ql linux-firmware

(Output)

Loaded plugins: fastestmirror, langpacks

Loading mirror speeds from cached hostfile

 * base: repos.dfw.quadranet.com

 * epel: mirror.compevo.com

 * extras: repos.dfw.quadranet.com

 * updates: repos.dfw.quadranet.com

Installed Packages

 

linux-firmware.noarch                                               20140911-0.1.git365e80c.el7                                               @base/$releasever

(Output) NOTE: Your output may be different depending on version of distribution and kernel 

 3. Using the standard Red Hat/CentOS based "update manager", install and then remove the package called 'nano' and note the results. Install the utilities package for the 'update manager' as discussed in the course so we can download packages.

user@linuxacademy:~$ sudo yum install nano

(Output)

Reading package lists... Done

Building dependency tree

Reading state information... Done

Suggested packages:

  spell

The following NEW packages will be installed:

  nano

0 upgraded, 1 newly installed, 0 to remove and 30 not upgraded.

Need to get 173 kB of archives.

(Output) NOTE: Package installation will proceed with more output, this is the first 10 lines...

user@linuxacademy:~$ sudo yum autoremove nano

(Output)

Reading package lists... Done

Building dependency tree

Reading state information... Done

The following packages will be REMOVED:

  nano*

0 upgraded, 0 newly installed, 1 to remove and 30 not upgraded.

After this operation, 610 kB disk space will be freed.

Do you want to continue? [Y/n] y

(Output) NOTE: Package removal will continue with more output, this is the first 10 lines

 

4.  Using the tool from Step #3, execute the command with the appropriate options to DOWNLOAD (but not install) the 'nano' package. Once downloaded, use the standard package management command as in Steps #1 and #2 to install the downloaded package.

user@linuxacademy:~$ sudo yumdownloader nano

user@linuxacademy:~$ ls -al nano*

(Output) -rw-r--r-- 1 root root 172710 Jul 16  2014 nano_2.2.6-3_amd64.rpm

user@linuxacademy:~$ sudo rpm -ivh nano_2.2.6-3_amd64.rpm

(Output)

Preparing to unpack nano_2.2.6-3_amd64.deb ...

Unpacking nano (2.2.6-3) ...

Setting up nano (2.2.6-3) ...

update-alternatives: using /bin/nano to provide /usr/bin/editor (editor) in auto mode

update-alternatives: using /bin/nano to provide /usr/bin/pico (pico) in auto mode

Processing triggers for install-info (5.2.0.dfsg.1-6) ...

Processing triggers for doc-base (0.10.6) ...

Processing 2 added doc-base files...

Registering documents with scrollkeeper...

Processing triggers for man-db (2.7.0.2-5) ...

(Output) NOTE: Your version and output may differ depending on the distribution and version used

 

 5. Using the 'update management' tool (from Steps #3 and #4), completely remove the 'nano' package. Use the appropriate options to remove the package and all configuration files that may have been added or changed.

user@linuxacademy:~$ sudo yum autoremove nano

(Output)

The following packages will be REMOVED:

  nano*

0 upgraded, 0 newly installed, 1 to remove and 30 not upgraded.

After this operation, 610 kB disk space will be freed.

Do you want to continue? [Y/n] y

(Output) NOTE: Your output will continue, these are just the initial lines to expect

 

6. Clean up your workspace by issuing the appropriate options to the 'update management' tool (will remove downloaded package files).

user@linuxacademy:~$ sudo yum clean all

(Output) No output unless there are errors

 

 

